// Jest Snapshot v1, https://goo.gl/fbAQLP

exports[`lib.client.parsers.products.list-matching-products-response should parse the ListMatchingProducts example response from MWS doc 1`] = `
Object {
  "listMatchingProductsResult": Object {
    "products": Array [
      Object {
        "attributes": Object {
          "authors": Array [
            "Rowling, J.K.",
          ],
          "binding": "Paperback",
          "brand": "Scholastic Press",
          "creators": Array [
            Object {
              "name": "GrandPrÃ©, Mary",
              "role": "Illustrator",
            },
          ],
          "edition": "1st",
          "features": Array [
            "Recommended Age: 9 years and up",
          ],
          "isAutographed": false,
          "isMemorabilia": false,
          "itemDimensions": Object {
            "height": Object {
              "unit": "inches",
              "value": 0.8,
            },
            "length": Object {
              "unit": "inches",
              "value": 7.5,
            },
            "weight": Object {
              "unit": "pounds",
              "value": 0.5,
            },
            "width": Object {
              "unit": "inches",
              "value": 5.2,
            },
          },
          "label": "Scholastic Paperbacks",
          "languages": Array [
            Object {
              "audioFormat": null,
              "name": "english",
              "type": "Unknown",
            },
            Object {
              "audioFormat": null,
              "name": "english",
              "type": "Original Language",
            },
            Object {
              "audioFormat": null,
              "name": "english",
              "type": "Published",
            },
          ],
          "listPrice": Object {
            "amount": 10.99,
            "currencyCode": "USD",
          },
          "manufacturer": "Scholastic Paperbacks",
          "numberOfItems": 1,
          "numberOfPages": 320,
          "packageDimensions": Object {
            "height": Object {
              "unit": "inches",
              "value": 1,
            },
            "length": Object {
              "unit": "inches",
              "value": 7.5,
            },
            "weight": Object {
              "unit": "pounds",
              "value": 0.5,
            },
            "width": Object {
              "unit": "inches",
              "value": 5.2,
            },
          },
          "packageQuantity": 1,
          "partNumber": "9780590353427",
          "productGroup": "Book",
          "productTypeName": "ABIS_BOOK",
          "publicationDate": 1999-10-01T00:00:00.000Z,
          "publisher": "Scholastic Paperbacks",
          "releaseDate": 1999-09-08T00:00:00.000Z,
          "smallImage": Object {
            "height": Object {
              "unit": "pixels",
              "value": 75,
            },
            "url": "http://ecx.images-amazon.com/images/I/51MU5VilKpL._SL75_.jpg",
            "width": Object {
              "unit": "pixels",
              "value": 51,
            },
          },
          "studio": "Scholastic Paperbacks",
          "title": "Harry Potter and the Sorcerer's Stone (Book 1)",
        },
        "identifiers": Object {
          "marketplaceAsin": Object {
            "asin": "059035342X",
            "marketplaceId": "ATVPDKIKX0DER",
          },
          "skuIdentifier": null,
        },
        "offers": Array [],
        "relationships": Object {
          "variationChildren": Array [],
          "variationParent": null,
        },
        "salesRankings": Array [
          Object {
            "productCategoryId": "book_display_on_website",
            "rank": 401,
          },
          Object {
            "productCategoryId": "15356791",
            "rank": 5,
          },
          Object {
            "productCategoryId": "3153",
            "rank": 8,
          },
          Object {
            "productCategoryId": "17468",
            "rank": 16,
          },
        ],
      },
    ],
  },
  "responseMetadata": Object {
    "requestId": "3b805a12-689a-4367-ba86-EXAMPLE91c0b",
  },
}
`;
