// Jest Snapshot v1, https://goo.gl/fbAQLP

exports[`lib.client.parsers.orders.get-order-response should parse the GetOrderResponse example response from MWS doc 1`] = `
Object {
  "getOrderResult": Object {
    "orders": Array [
      Object {
        "amazonOrderId": "902-3159896-1390916",
        "automatedShippingSettings": null,
        "buyerCounty": null,
        "buyerEmail": null,
        "buyerName": null,
        "buyerTaxInfo": null,
        "defaultShipFromLocationAddress": null,
        "earliestDeliveryDate": null,
        "earliestShipDate": 2017-01-20T19:51:16.000Z,
        "easyShipShipmentStatus": null,
        "fulfillmentChannel": "MFN",
        "isBusinessOrder": false,
        "isEstimatedShipDateSet": null,
        "isGlobalExpressEnabled": false,
        "isPremiumOrder": false,
        "isPrime": false,
        "isReplacementOrder": null,
        "isSoldByAB": null,
        "lastUpdateDate": 2017-01-20T19:49:35.000Z,
        "latestDeliveryDate": null,
        "latestShipDate": 2017-01-25T19:49:35.000Z,
        "marketplaceId": "ATVPDKIKX0DER",
        "numberOfItemsShipped": 0,
        "numberOfItemsUnshipped": 0,
        "orderChannel": null,
        "orderStatus": "Pending",
        "orderTotal": null,
        "orderType": "StandardOrder",
        "paymentExecutionDetail": Array [],
        "paymentMethod": "Other",
        "paymentMethodDetails": Array [
          "CreditCard",
          "GiftCerificate",
        ],
        "promiseResponseDueDate": null,
        "purchaseDate": 2017-01-20T19:49:35.000Z,
        "purchaseOrderNumber": null,
        "replacedOrderId": null,
        "salesChannel": null,
        "sellerOrderId": null,
        "shipServiceLevel": null,
        "shipmentServiceLevelCategory": "Standard",
        "shippingAddress": null,
      },
    ],
  },
  "responseMetadata": Object {
    "requestId": "88faca76-b600-46d2-b53c-0c8c4533e43a",
  },
}
`;
