// Jest Snapshot v1, https://goo.gl/fbAQLP

exports[`lib.client.parsers.base.get-service-status-response should parse the GetServiceStatusResponse example response from MWS doc 1`] = `
Object {
  "getServiceStatusResult": Object {
    "status": "GREEN",
    "timestamp": 2013-09-04T22:00:00.000Z,
  },
  "responseMetadata": Object {
    "requestId": "d80c6c7b-f7c7-4fa7-bdd7-854711cb3bcc",
  },
}
`;
